2025-06-29 14:30:15 - GitHub Issue Automation - Installation and Setup
2025-06-29 14:30:15 - ================================================
2025-06-29 14:30:15 - Starting installation and setup process...
2025-06-29 14:30:15 - Detected OS: macOS (Darwin 22.1.0)
2025-06-29 14:30:16 - Checking for GitHub CLI installation...
2025-06-29 14:30:16 - GitHub CLI found: gh version 2.40.1 (2023-12-13)
2025-06-29 14:30:16 - ✓ GitHub CLI is already installed and up to date
2025-06-29 14:30:16 - Checking GitHub authentication status...
2025-06-29 14:30:17 - ✓ GitHub CLI is authenticated and ready
2025-06-29 14:30:17 - Checking repository access...
2025-06-29 14:30:18 - ✓ Repository access confirmed: ndethi/kikuyu-proverb-og-rag
2025-06-29 14:30:18 - Checking Python dependencies...
2025-06-29 14:30:18 - ✓ Python 3.11.6 found with required modules
2025-06-29 14:30:18 - Checking Node.js for project field integration...
2025-06-29 14:30:19 - ✓ Node.js v18.17.1 found
2025-06-29 14:30:19 - Installing Node.js dependencies...
2025-06-29 14:30:21 - ✓ @octokit/graphql installed successfully
2025-06-29 14:30:21 - Creating configuration file...
2025-06-29 14:30:21 - ✓ Configuration saved to .github-automation-config
2025-06-29 14:30:21 - Installation and setup completed successfully!

2025-06-29 14:32:45 - Starting issue parsing...
2025-06-29 14:32:45 - Parsing markdown file: .github/issues/consolidated-issues.md
2025-06-29 14:32:45 - Found 52 issue sections in markdown file
2025-06-29 14:32:46 - Processing issue: WEEK_1_SPRINT
2025-06-29 14:32:46 - - Title: [SPRINT W1] Week 1 Planning - Foundation Sprint
2025-06-29 14:32:46 - - Labels: planning,sprint,week-1,critical
2025-06-29 14:32:46 - - Due Date: 2025-06-26
2025-06-29 14:32:46 - - Assignee: @me
2025-06-29 14:32:46 - Processing issue: ISSUE_001_LITERATURE_REVIEW
2025-06-29 14:32:46 - - Title: [LIT-001] Literature Review and State-of-the-Art Analysis
2025-06-29 14:32:46 - - Labels: research,literature-review,week-1,high-priority
2025-06-29 14:32:46 - - Due Date: 2025-06-22
2025-06-29 14:32:46 - - Assignee: @me
2025-06-29 14:32:46 - Processing issue: ISSUE_002_ARCHITECTURE_DIAGRAMS
2025-06-29 14:32:47 - - Title: [ARCH-002] OG-RAG Architecture Diagrams for Proposal
2025-06-29 14:32:47 - - Labels: architecture,diagrams,proposal,week-1,critical
2025-06-29 14:32:47 - - Due Date: 2025-06-22
2025-06-29 14:32:47 - - Assignee: @me
[... processing continues for all 52 issues ...]
2025-06-29 14:32:52 - Successfully parsed 52 issues
2025-06-29 14:32:52 - Applied filters: none
2025-06-29 14:32:52 - Final issue count: 52
2025-06-29 14:32:52 - JSON output saved to: /tmp/parsed_issues_20250629_143245.json

2025-06-29 14:35:20 - GitHub Issue Creator - Starting batch creation
2025-06-29 14:35:20 - =================================================
2025-06-29 14:35:20 - Input file: .github/issues/consolidated-issues.md
2025-06-29 14:35:20 - Repository: ndethi/kikuyu-proverb-og-rag
2025-06-29 14:35:20 - Mode: Production run (DRY_RUN=false)
2025-06-29 14:35:20 - Rate limit delay: 1 seconds
2025-06-29 14:35:20 - Batch size: 10 issues
2025-06-29 14:35:20 - Max retries: 3
2025-06-29 14:35:21 - Loading parsed issues from JSON...
2025-06-29 14:35:21 - Found 52 issues ready for creation
2025-06-29 14:35:21 - Checking for existing issues to prevent duplicates...
2025-06-29 14:35:23 - Existing issues check: 0 duplicates found
2025-06-29 14:35:23 - Starting issue creation process...

2025-06-29 14:35:23 - Creating issue 1/52: [SPRINT W1] Week 1 Planning - Foundation Sprint
2025-06-29 14:35:24 - ✓ Issue created successfully: #1
2025-06-29 14:35:25 - Creating issue 2/52: [LIT-001] Literature Review and State-of-the-Art Analysis
2025-06-29 14:35:26 - ✓ Issue created successfully: #2
2025-06-29 14:35:27 - Creating issue 3/52: [ARCH-002] OG-RAG Architecture Diagrams for Proposal
2025-06-29 14:35:28 - ✓ Issue created successfully: #3
2025-06-29 14:35:29 - Creating issue 4/52: [REPO-003] GitHub Repository and Project Setup
2025-06-29 14:35:30 - ✓ Issue created successfully: #4
2025-06-29 14:35:31 - Creating issue 5/52: [ADMIN-004] Partnership Agreement Status Verification
2025-06-29 14:35:32 - ✓ Issue created successfully: #5
2025-06-29 14:35:33 - Creating issue 6/52: [DATA-005] Initial Kikuyu Proverb Collection Sourcing
2025-06-29 14:35:34 - ✓ Issue created successfully: #6
2025-06-29 14:35:35 - Creating issue 7/52: [MEET-006] First Supervisor Meeting
2025-06-29 14:35:36 - ✓ Issue created successfully: #7
2025-06-29 14:35:37 - Creating issue 8/52: [SPRINT W2] Week 2 Planning - Cultural Analysis Sprint
2025-06-29 14:35:38 - ✓ Issue created successfully: #8
2025-06-29 14:35:39 - Creating issue 9/52: [CULTURE-007] Cultural Expert Interviews Setup
2025-06-29 14:35:40 - ✓ Issue created successfully: #9
2025-06-29 14:35:41 - Creating issue 10/52: [ONTOLOGY-008] Initial Ontology Structure Design
2025-06-29 14:35:42 - ✓ Issue created successfully: #10

2025-06-29 14:35:42 - Batch 1 completed: 10/10 issues created successfully
2025-06-29 14:35:42 - Progress: ████████████████████ 19.2% (10/52)

2025-06-29 14:35:43 - Creating issue 11/52: [DATA-009] Proverb Categorization Framework
2025-06-29 14:35:44 - ✓ Issue created successfully: #11
2025-06-29 14:35:45 - Creating issue 12/52: [TRANSLATION-010] Translation Accuracy Methodology
2025-06-29 14:35:46 - ✓ Issue created successfully: #12
[... batch processing continues ...]

2025-06-29 14:42:15 - Applying project fields to created issues...
2025-06-29 14:42:15 - Connecting to GitHub GraphQL API...
2025-06-29 14:42:16 - ✓ Connected to project: MSc Thesis - Kikuyu Proverb OG-RAG
2025-06-29 14:42:17 - Updating issue #1 with project fields...
2025-06-29 14:42:17 - - Sprint_Week: Week 1 (Jun 20-26)
2025-06-29 14:42:17 - - Criticality: 🚨 CRITICAL
2025-06-29 14:42:17 - - OPIT_Deadline: Proposal Enhancement (Jun 22)
2025-06-29 14:42:18 - ✓ Project fields updated for issue #1
2025-06-29 14:42:19 - Updating issue #2 with project fields...
2025-06-29 14:42:19 - - Sprint_Week: Week 1 (Jun 20-26)
2025-06-29 14:42:19 - - Criticality: 🔥 HIGH
2025-06-29 14:42:19 - - Thesis_Section: Introduction
2025-06-29 14:42:20 - ✓ Project fields updated for issue #2
[... project field updates continue ...]

2025-06-29 14:48:32 - Issue creation process completed!
2025-06-29 14:48:32 - 
2025-06-29 14:48:32 - === CREATION SUMMARY ===
2025-06-29 14:48:32 - Total issues processed: 52
2025-06-29 14:48:32 - Successfully created: 52
2025-06-29 14:48:32 - Failed: 0
2025-06-29 14:48:32 - Duplicate prevention: 0 skipped
2025-06-29 14:48:32 - Project fields applied: 52
2025-06-29 14:48:32 - Total execution time: 13 minutes 12 seconds
2025-06-29 14:48:32 - Average time per issue: 15.2 seconds
2025-06-29 14:48:32 - GitHub API calls made: 156
2025-06-29 14:48:32 - Rate limit remaining: 4,844/5,000
2025-06-29 14:48:32 - 
2025-06-29 14:48:32 - ✅ All issues created successfully!
2025-06-29 14:48:32 - 🔗 View issues: https://github.com/ndethi/kikuyu-proverb-og-rag/issues
2025-06-29 14:48:32 - 📊 View project: https://github.com/users/ndethi/projects/1

2025-06-29 15:15:45 - Starting progress sync...
2025-06-29 15:15:45 - Checking prerequisites...
2025-06-29 15:15:45 - ✓ GitHub CLI authenticated and ready
2025-06-29 15:15:45 - ✓ Python dependencies available
2025-06-29 15:15:46 - ✓ Consolidated issues file found
2025-06-29 15:15:46 - Prerequisites check passed ✓
2025-06-29 15:15:46 - Creating backup...
2025-06-29 15:15:46 - Backup created: .github/issues/backups/consolidated-issues_20250629_151546.md
2025-06-29 15:15:46 - Fetching GitHub issues...
2025-06-29 15:15:48 - Fetched 52 GitHub issues
2025-06-29 15:15:48 - Parsing local markdown progress...
2025-06-29 15:15:49 - Parsed 52 local issues
2025-06-29 15:15:49 - Identifying sync requirements...
2025-06-29 15:15:50 - Issues needing sync: 3
2025-06-29 15:15:50 - Conflicts requiring manual review: 0
2025-06-29 15:15:50 - Analysis complete: 3 issues need sync, 0 conflicts found
2025-06-29 15:15:50 - Executing sync operations...
2025-06-29 15:15:50 - Syncing ISSUE_001_LITERATURE_REVIEW...
2025-06-29 15:15:51 - Closing GitHub issue #2
2025-06-29 15:15:52 - Syncing ISSUE_003_PROVERB_COLLECTION...
2025-06-29 15:15:52 - Updating labels for GitHub issue #6
2025-06-29 15:15:53 - Syncing WEEK_1_SPRINT...
2025-06-29 15:15:53 - Updating labels for GitHub issue #1
2025-06-29 15:15:54 - Sync complete: 3 issues synced
2025-06-29 15:15:54 - === SYNC SUMMARY ===
2025-06-29 15:15:54 - Total issues processed: 52
2025-06-29 15:15:54 - Successfully synced: 3
2025-06-29 15:15:54 - Conflicts requiring manual review: 0
2025-06-29 15:15:54 - Sync completed successfully!

2025-06-29 15:30:20 - Generating summary report in markdown format...
2025-06-29 15:30:20 - Checking prerequisites...
2025-06-29 15:30:21 - ✓ Python 3 with required modules available
2025-06-29 15:30:21 - ✓ Consolidated issues file found
2025-06-29 15:30:21 - Prerequisites check completed ✓
2025-06-29 15:30:21 - Collecting data for report generation...
2025-06-29 15:30:22 - Fetching GitHub issues...
2025-06-29 15:30:24 - Data collection completed
2025-06-29 15:30:24 - Report saved to: reports/summary_report_20250629_153021.md
2025-06-29 15:30:24 - 
2025-06-29 15:30:24 - === REPORT PREVIEW ===
2025-06-29 15:30:24 - # Project Status Summary
2025-06-29 15:30:24 - Generated: 2025-06-29 15:30:24
2025-06-29 15:30:24 - 
2025-06-29 15:30:24 - ## 📊 Key Metrics
2025-06-29 15:30:24 - - **Total Issues**: 52
2025-06-29 15:30:24 - - **Completed**: 8 (15.4%)
2025-06-29 15:30:24 - - **In Progress**: 12 (23.1%)
2025-06-29 15:30:24 - - **Blocked**: 2 (3.8%)
2025-06-29 15:30:24 - 
2025-06-29 15:30:24 - ## 📈 Overall Progress
2025-06-29 15:30:24 - - **Tasks Completed**: 45/156 (28.8%)
2025-06-29 15:30:24 - - **Progress Bar**: █████░░░░░░░░░░░░░░░ 28.8%
2025-06-29 15:30:24 - 
2025-06-29 15:30:24 - ## ⏰ Upcoming Deadlines (Next 7 Days)
2025-06-29 15:30:24 - - **[ARCH-002] OG-RAG Architecture Diagrams for Proposal** - Due: 2025-07-02 (3 days)
2025-06-29 15:30:24 - - **[ONTOLOGY-008] Initial Ontology Structure Design** - Due: 2025-07-03 (4 days)
2025-06-29 15:30:24 - - **[DATA-009] Proverb Categorization Framework** - Due: 2025-07-05 (6 days)
2025-06-29 15:30:24 - 
2025-06-29 15:30:24 - ... (truncated, see full report in reports/summary_report_20250629_153021.md)
2025-06-29 15:30:24 - Report generation completed successfully!
2025-06-29 15:30:24 - Report saved to: reports/summary_report_20250629_153021.md

2025-06-29 15:45:10 - Analyzing deadlines...
2025-06-29 15:45:10 - Checking prerequisites...
2025-06-29 15:45:11 - ✓ Python 3 with required modules available
2025-06-29 15:45:11 - ✓ Consolidated issues file found
2025-06-29 15:45:11 - Prerequisites check completed ✓
2025-06-29 15:45:12 - Deadline analysis complete:
2025-06-29 15:45:12 -   Overdue: 2
2025-06-29 15:45:12 -   Critical (≤3 days): 1
2025-06-29 15:45:12 -   Upcoming (≤7 days): 3
2025-06-29 15:45:12 -   No deadline: 8
2025-06-29 15:45:12 -   Total alerts: 6
2025-06-29 15:45:12 - 
2025-06-29 15:45:12 - 🚨 OVERDUE ISSUES
2025-06-29 15:45:12 - ==================
2025-06-29 15:45:12 - ADMIN-004       Partnership Agreement Status Verification        2025-06-20  -9       critical     @me            
2025-06-29 15:45:12 - LIT-001         Literature Review and State-of-the-Art Analysis  2025-06-22  -7       completed    @me            
2025-06-29 15:45:12 - 
2025-06-29 15:45:12 - 🔥 CRITICAL UPCOMING (≤3 days)
2025-06-29 15:45:12 - =================================
2025-06-29 15:45:12 - ARCH-002        OG-RAG Architecture Diagrams for Proposal        2025-07-02  +3       in-progress  @me            
2025-06-29 15:45:12 - 
2025-06-29 15:45:12 - ⏰ UPCOMING DEADLINES
2025-06-29 15:45:12 - ==================
2025-06-29 15:45:12 - ONTOLOGY-008    Initial Ontology Structure Design                 2025-07-03  +4       open         @me            
2025-06-29 15:45:12 - DATA-009        Proverb Categorization Framework                  2025-07-05  +6       open         @me            
2025-06-29 15:45:12 - WEEK_2_SPRINT   Week 2 Planning - Cultural Analysis Sprint       2025-07-06  +7       open         @me            
2025-06-29 15:45:12 - 
2025-06-29 15:45:12 - Deadline check completed
2025-06-29 15:45:12 - Critical deadlines detected ⚠️

2025-06-29 16:00:05 - Time Estimation Update Utility - Batch Update Mode
2025-06-29 16:00:05 - Checking prerequisites...
2025-06-29 16:00:06 - ✓ Python 3 with required modules available
2025-06-29 16:00:06 - ✓ Consolidated issues file found
2025-06-29 16:00:06 - Prerequisites check completed ✓
2025-06-29 16:00:06 - Creating backup...
2025-06-29 16:00:06 - Backup created: .github/issues/backups/consolidated-issues_20250629_160006.md
2025-06-29 16:00:07 - Parsed 52 issues with estimation data
2025-06-29 16:00:07 - Updating estimates for issue ISSUE_001_LITERATURE_REVIEW...
2025-06-29 16:00:07 - Updated estimates for ISSUE_001_LITERATURE_REVIEW
2025-06-29 16:00:07 - ✅ Estimates updated for issue ISSUE_001_LITERATURE_REVIEW ✓
2025-06-29 16:00:08 - Updating estimates for issue ARCH-002...
2025-06-29 16:00:08 - Updated estimates for ARCH-002
2025-06-29 16:00:08 - ✅ Estimates updated for issue ARCH-002 ✓
2025-06-29 16:00:09 - Operation completed successfully

2025-06-29 16:15:30 - GitHub Issue Automation Test Suite
2025-06-29 16:15:30 - Setting up test environment...
2025-06-29 16:15:31 - Test environment ready ✓
2025-06-29 16:15:31 - Starting test suite: all
2025-06-29 16:15:31 - 
2025-06-29 16:15:31 - === UNIT TESTS ===
2025-06-29 16:15:31 - Running: Parse Issues Script
2025-06-29 16:15:32 - ✓ PASS: Parse Issues Script
2025-06-29 16:15:32 - Running: Markdown Parsing
2025-06-29 16:15:33 - All parsing tests passed
2025-06-29 16:15:33 - ✓ PASS: Markdown Parsing
2025-06-29 16:15:33 - Running: Issue Filtering
2025-06-29 16:15:34 - ✓ PASS: Issue Filtering
2025-06-29 16:15:34 - Running: Deadline Analysis
2025-06-29 16:15:35 - Deadline analysis test passed
2025-06-29 16:15:35 - ✓ PASS: Deadline Analysis
2025-06-29 16:15:35 - Running: Config Loading
2025-06-29 16:15:35 - ✓ PASS: Config Loading
2025-06-29 16:15:35 - 
2025-06-29 16:15:35 - === UTILITY TESTS ===
2025-06-29 16:15:35 - Running: Report Generation
2025-06-29 16:15:38 - ✓ PASS: Report Generation
2025-06-29 16:15:38 - Running: Deadline Checking
2025-06-29 16:15:40 - ✓ PASS: Deadline Checking
2025-06-29 16:15:40 - Running: Estimation Updates
2025-06-29 16:15:42 - ✓ PASS: Estimation Updates
2025-06-29 16:15:42 - Running: Install Script
2025-06-29 16:15:43 - Install check completed
2025-06-29 16:15:43 - ✓ PASS: Install Script
2025-06-29 16:15:43 - 
2025-06-29 16:15:43 - === TEST SUMMARY ===
2025-06-29 16:15:43 - Total Tests: 9
2025-06-29 16:15:43 - Passed: 9
2025-06-29 16:15:43 - Failed: 0
2025-06-29 16:15:43 - 
2025-06-29 16:15:43 - All tests passed! ✓
2025-06-29 16:15:44 - Cleaning up test environment...
2025-06-29 16:15:44 - Cleanup completed
