2025-06-29 16:27:56 - Checking prerequisites...
2025-06-29 16:28:02 - Prerequisites check passed
2025-06-29 16:28:02 - Parsing issues from: /Users/ndethi/dev/opit/opit-rai9001/.github/issues/consolidated-issues.md
2025-06-29 16:51:59 - Checking prerequisites...
2025-06-29 16:52:05 - Prerequisites check passed
2025-06-29 16:52:05 - Parsing issues from: /Users/ndethi/dev/opit/opit-rai9001/.github/issues/consolidated-issues.md
2025-06-29 16:52:39 - Checking prerequisites...
2025-06-29 16:52:42 - Prerequisites check passed
2025-06-29 16:52:42 - Parsing issues from: /Users/ndethi/dev/opit/opit-rai9001/.github/issues/consolidated-issues.md
2025-06-29 16:54:48 - Checking prerequisites...
2025-06-29 16:54:51 - Prerequisites check passed
2025-06-29 16:54:51 - Parsing issues from: /Users/ndethi/dev/opit/opit-rai9001/.github/issues/consolidated-issues.md
2025-06-29 16:55:23 - Checking prerequisites...
2025-06-29 16:55:25 - Prerequisites check passed
2025-06-29 16:55:25 - Parsing issues from: /Users/ndethi/dev/opit/opit-rai9001/.github/issues/consolidated-issues.md
2025-06-29 16:56:50 - Checking prerequisites...
2025-06-29 16:56:52 - Prerequisites check passed
2025-06-29 16:56:52 - Parsing issues from: /Users/ndethi/dev/opit/opit-rai9001/.github/issues/consolidated-issues.md
2025-06-29 17:01:22 - Checking prerequisites...
2025-06-29 17:01:28 - Prerequisites check passed
2025-06-29 17:01:28 - Parsing issues from: /Users/ndethi/dev/opit/opit-rai9001/.github/issues/consolidated-issues.md
2025-06-29 17:01:46 - Checking prerequisites...
2025-06-29 17:01:48 - Prerequisites check passed
2025-06-29 17:01:48 - Parsing issues from: /Users/ndethi/dev/opit/opit-rai9001/.github/issues/consolidated-issues.md
2025-06-29 17:02:21 - Checking prerequisites...
2025-06-29 17:02:23 - Prerequisites check passed
2025-06-29 17:02:23 - Parsing issues from: /Users/ndethi/dev/opit/opit-rai9001/.github/issues/consolidated-issues.md
2025-06-29 17:02:34 - Starting batch issue creation from: /Users/ndethi/dev/opit/opit-rai9001/.tmp/parsed-issues.json
2025-06-29 17:02:36 - ERROR: Failed to create issue WEEK_1_SPRINT (attempt 1)
2025-06-29 17:02:36 - Retrying issue creation (attempt 2): WEEK_1_SPRINT
2025-06-29 17:02:41 - ERROR: Failed to create issue WEEK_1_SPRINT (attempt 2)
2025-06-29 17:02:41 - Retrying issue creation (attempt 3): WEEK_1_SPRINT
2025-06-29 17:02:48 - ERROR: Failed to create issue WEEK_1_SPRINT (attempt 3)
2025-06-29 17:02:48 - FAILED: Could not create issue WEEK_1_SPRINT after 3 attempts
2025-06-29 17:02:51 - ERROR: Failed to create issue WEEK_1_TASK_1 (attempt 1)
2025-06-29 17:02:51 - Retrying issue creation (attempt 2): WEEK_1_TASK_1
2025-06-29 17:02:56 - ERROR: Failed to create issue WEEK_1_TASK_1 (attempt 2)
2025-06-29 17:02:56 - Retrying issue creation (attempt 3): WEEK_1_TASK_1
2025-06-29 17:03:03 - ERROR: Failed to create issue WEEK_1_TASK_1 (attempt 3)
2025-06-29 17:03:03 - FAILED: Could not create issue WEEK_1_TASK_1 after 3 attempts
2025-06-29 17:03:06 - ERROR: Failed to create issue WEEK_1_TASK_2 (attempt 1)
2025-06-29 17:03:06 - Retrying issue creation (attempt 2): WEEK_1_TASK_2
2025-06-29 17:03:11 - ERROR: Failed to create issue WEEK_1_TASK_2 (attempt 2)
2025-06-29 17:03:11 - Retrying issue creation (attempt 3): WEEK_1_TASK_2
2025-06-29 17:03:18 - ERROR: Failed to create issue WEEK_1_TASK_2 (attempt 3)
2025-06-29 17:03:18 - FAILED: Could not create issue WEEK_1_TASK_2 after 3 attempts
2025-06-29 17:03:20 - ERROR: Failed to create issue WEEK_1_TASK_3 (attempt 1)
2025-06-29 17:03:20 - Retrying issue creation (attempt 2): WEEK_1_TASK_3
2025-06-29 17:03:26 - ERROR: Failed to create issue WEEK_1_TASK_3 (attempt 2)
2025-06-29 17:03:26 - Retrying issue creation (attempt 3): WEEK_1_TASK_3
2025-06-29 17:03:33 - ERROR: Failed to create issue WEEK_1_TASK_3 (attempt 3)
2025-06-29 17:03:33 - FAILED: Could not create issue WEEK_1_TASK_3 after 3 attempts
2025-06-29 17:03:36 - ERROR: Failed to create issue WEEK_1_MEETING (attempt 1)
2025-06-29 17:03:36 - Retrying issue creation (attempt 2): WEEK_1_MEETING
2025-06-29 17:03:41 - ERROR: Failed to create issue WEEK_1_MEETING (attempt 2)
2025-06-29 17:03:41 - Retrying issue creation (attempt 3): WEEK_1_MEETING
2025-06-29 17:03:48 - ERROR: Failed to create issue WEEK_1_MEETING (attempt 3)
2025-06-29 17:03:48 - FAILED: Could not create issue WEEK_1_MEETING after 3 attempts
2025-06-29 17:03:50 - ERROR: Failed to create issue WEEK_10_SPRINT (attempt 1)
2025-06-29 17:03:50 - Retrying issue creation (attempt 2): WEEK_10_SPRINT
2025-06-29 17:03:55 - ERROR: Failed to create issue WEEK_10_SPRINT (attempt 2)
2025-06-29 17:03:55 - Retrying issue creation (attempt 3): WEEK_10_SPRINT
2025-06-29 17:04:03 - ERROR: Failed to create issue WEEK_10_SPRINT (attempt 3)
2025-06-29 17:04:03 - FAILED: Could not create issue WEEK_10_SPRINT after 3 attempts
2025-06-29 17:04:03 - Issue creation completed
2025-06-29 17:12:38 - Checking prerequisites...
2025-06-29 17:12:43 - Prerequisites check passed
2025-06-29 17:12:43 - Parsing issues from: /Users/ndethi/dev/opit/opit-rai9001/.github/issues/consolidated-issues.md
2025-06-29 17:12:59 - Checking prerequisites...
2025-06-29 17:13:01 - Prerequisites check passed
2025-06-29 17:13:01 - Parsing issues from: /Users/ndethi/dev/opit/opit-rai9001/.github/issues/consolidated-issues.md
2025-06-29 17:15:12 - Checking prerequisites...
2025-06-29 17:15:14 - Prerequisites check passed
2025-06-29 17:15:14 - Parsing issues from: /Users/ndethi/dev/opit/opit-rai9001/.github/issues/consolidated-issues.md
2025-06-29 17:15:39 - Checking prerequisites...
2025-06-29 17:15:41 - Prerequisites check passed
2025-06-29 17:15:41 - Parsing issues from: /Users/ndethi/dev/opit/opit-rai9001/.github/issues/consolidated-issues.md
2025-06-29 17:15:42 - Starting batch issue creation from: /Users/ndethi/dev/opit/opit-rai9001/.tmp/parsed-issues.json
2025-06-29 17:15:48 - Issue creation completed
